ALLUSERSPROFILE=C:\ProgramData
APPDATA=C:\Users\David\AppData\Roaming
asl.log=Destination=file;OnFirstLog=command,environment
CLASSPATH=.;C:\Program Files (x86)\Java\jre6\lib\ext\QTJava.zip
CommonProgramFiles=C:\Program Files (x86)\Common Files
CommonProgramFiles(x86)=C:\Program Files (x86)\Common Files
CommonProgramW6432=C:\Program Files\Common Files
COMPUTERNAME=STRONTIUM
ComSpec=C:\Windows\system32\cmd.exe
configsetroot=C:\Windows\ConfigSetRoot
FP_NO_HOST_CHECK=NO
GIT_SSH=C:\Program Files\TortoiseSVN\bin\TortoisePlink.exe
GOBIN=C:/Go/bin
GOROOT=C:\Go\
HOME=C:/Users/David
HOMEDRIVE=C:
HOMEPATH=\Users\David
IRONRUBY_11=C:\Program Files (x86)\IronRuby 1.1\bin
LOCALAPPDATA=C:\Users\David\AppData\Local
LOGONSERVER=\\STRONTIUM
MOZ_PLUGIN_PATH=C:\Program Files (x86)\Foxit Software\Foxit Reader\plugins\
MQX_PATH=C:\Users\David\My Documents\MQX37
NUMBER_OF_PROCESSORS=4
OS=Windows_NT
Path=C:\Program Files (x86)\Pololu\Maestro\bin;C:\Program Files (x86)\NVIDIA Corporation\PhysX\Common;C:\Program Files (x86)\Pololu\Wixel\bin;C:\Program Files\Common Files\Microsoft Shared\Windows Live;C:\Program Files (x86)\Common Files\Microsoft Shared\Windows Live;C:\Windows\system32;C:\Windows;C:\Windows\System32\Wbem;C:\Windows\System32\WindowsPowerShell\v1.0\;C:\Program Files (x86)\Common Files\Roxio Shared\DLLShared\;C:\Program Files\TortoiseSVN\bin;c:\Program Files (x86)\Microsoft SQL Server\90\Tools\binn\;C:\Program Files (x86)\Windows Live\Shared;C:\Program Files\TortoiseGit\bin;C:\Program Files (x86)\Git\cmd;C:\Program Files (x86)\doxygen\bin;C:\Program Files (x86)\Pololu\GNU Build Utilities;C:\Program Files (x86)\IronRuby 1.1\bin;C:\yagarto\bin;C:/Go/bin;C:\Go\bin;C:\Program Files\TortoiseHg\;C:\Program Files (x86)\QuickTime\QTSystem\;C:\Program Files (x86)\Pololu\Maestro\bin;C:\Program Files (x86)\Pololu\Wixel\bin;C:\WinDDK\7600.16385.1\bin\x86;C:\Program Files (x86)\Microsoft Visual Studio 10.0\VC\bin;C:\Program Files (x86)\gzip-1.3.12-1-bin\bin;C:\GTK\bin;C:\MinGW\bin;C:\Program Files (x86)\Microsoft Visual Studio 10.0\Common7\IDE;C:\Program Files (x86)\CVSNT\;C:\Ruby192\bin;C:\Program Files (x86)\Git\bin;C:\Users\David\Documents\bin;C:\Program Files (x86)\SDCC\bin;C:\yagarto\bin;C:\Ruby193\bin;C:\go\pkg\tool\windows_386
PATHEXT=.COM;.EXE;.BAT;.CMD;.VBS;.VBE;.JS;.JSE;.WSF;.WSH;.MSC
PROCESSOR_ARCHITECTURE=x86
PROCESSOR_ARCHITEW6432=AMD64
PROCESSOR_IDENTIFIER=Intel64 Family 6 Model 37 Stepping 2, GenuineIntel
PROCESSOR_LEVEL=6
PROCESSOR_REVISION=2502
ProgramData=C:\ProgramData
ProgramFiles=C:\Program Files (x86)
ProgramFiles(x86)=C:\Program Files (x86)
ProgramW6432=C:\Program Files
PROMPT=$P$G
PSModulePath=C:\Windows\system32\WindowsPowerShell\v1.0\Modules\
PUBLIC=C:\Users\Public
QTJAVA=C:\Program Files (x86)\Java\jre6\lib\ext\QTJava.zip
SESSIONNAME=Console
SVN_SSH="C:\\Program Files\\TortoiseSVN\\bin\\TortoisePlink.exe"
SystemDrive=C:
SystemRoot=C:\Windows
TEMP=C:\Users\David\AppData\Local\Temp
TMP=C:\Users\David\AppData\Local\Temp
USER=David
USERDOMAIN=Strontium
USERNAME=David
USERPROFILE=C:\Users\David
VS100COMNTOOLS=c:\Program Files (x86)\Microsoft Visual Studio 10.0\Common7\Tools\
VS90COMNTOOLS=c:\Program Files (x86)\Microsoft Visual Studio 9.0\Common7\Tools\
windir=C:\Windows
WS_ORIGIN=http://localhost:8080
WS_REMOTEADDR=127.0.0.1:53058
WS_URI=/ws
WS_PROTOCOL=
